-- Found ament_cmake: 2.5.6 (/opt/ros/jazzy/share/ament_cmake/cmake)
-- Override CMake install command with custom implementation using symlinks instead of copying resources
-- Found rosidl_default_generators: 1.6.0 (/opt/ros/jazzy/share/rosidl_default_generators/cmake)
-- Using all available rosidl_typesupport_c: rosidl_typesupport_fastrtps_c;rosidl_typesupport_introspection_c
-- Using all available rosidl_typesupport_cpp: rosidl_typesupport_fastrtps_cpp;rosidl_typesupport_introspection_cpp
-- Found rosidl_adapter: 4.6.7 (/opt/ros/jazzy/share/rosidl_adapter/cmake)
-- Found ament_cmake_ros: 0.12.0 (/opt/ros/jazzy/share/ament_cmake_ros/cmake)
-- Using all available rosidl_typesupport_c: rosidl_typesupport_fastrtps_c;rosidl_typesupport_introspection_c
-- Using all available rosidl_typesupport_cpp: rosidl_typesupport_fastrtps_cpp;rosidl_typesupport_introspection_cpp
-- Found python_cmake_module: 0.11.1 (/opt/ros/jazzy/share/python_cmake_module/cmake)
-- Found Python3: /home/rui/.espressif/python_env/idf5.2_py3.12_env/bin/python3 (found version "3.12.3") found components: Interpreter Development NumPy Development.Module Development.Embed 
-- Found Python3: /home/rui/.espressif/python_env/idf5.2_py3.12_env/bin/python3 (found version "3.12.3") found components: Interpreter 
-- Found ament_lint_auto: 0.17.5 (/opt/ros/jazzy/share/ament_lint_auto/cmake)
-- Added test 'lint_cmake' to check CMake code style
-- Added test 'xmllint' to check XML markup files
-- Configuring done (1.0s)
-- Generating done (0.0s)
-- Build files have been written to: /home/rui/uni/TFG/ESP-Micro_drone/code/ros_ws/build/my_msgs
[  2%] [34m[1mGenerating type hashes for ROS interfaces[0m
[  2%] Built target ament_cmake_python_symlink_my_msgs
[  4%] [34m[1mGenerating Rust code for ROS interfaces[0m
[  4%] Built target my_msgs__rosidl_generator_type_description
[  6%] [34m[1mGenerating C code for ROS interfaces[0m
[  8%] [34m[1mGenerating C++ code for ROS interfaces[0m
running egg_info
[  8%] Built target my_msgs__rs
creating my_msgs.egg-info
writing my_msgs.egg-info/PKG-INFO
writing dependency_links to my_msgs.egg-info/dependency_links.txt
writing top-level names to my_msgs.egg-info/top_level.txt
writing manifest file 'my_msgs.egg-info/SOURCES.txt'
reading manifest file 'my_msgs.egg-info/SOURCES.txt'
writing manifest file 'my_msgs.egg-info/SOURCES.txt'
[  8%] Built target ament_cmake_python_build_my_msgs_egg
[  8%] Built target my_msgs__cpp
[ 13%] [32mBuilding C object CMakeFiles/my_msgs__rosidl_generator_c.dir/rosidl_generator_c/my_msgs/srv/detail/takeoff__description.c.o[0m
[ 13%] [32mBuilding C object CMakeFiles/my_msgs__rosidl_generator_c.dir/rosidl_generator_c/my_msgs/msg/detail/params__functions.c.o[0m
[ 15%] [32mBuilding C object CMakeFiles/my_msgs__rosidl_generator_c.dir/rosidl_generator_c/my_msgs/msg/detail/params__description.c.o[0m
[ 20%] [32mBuilding C object CMakeFiles/my_msgs__rosidl_generator_c.dir/rosidl_generator_c/my_msgs/msg/detail/params__type_support.c.o[0m
[ 20%] [32mBuilding C object CMakeFiles/my_msgs__rosidl_generator_c.dir/rosidl_generator_c/my_msgs/srv/detail/takeoff__functions.c.o[0m
[ 22%] [32mBuilding C object CMakeFiles/my_msgs__rosidl_generator_c.dir/rosidl_generator_c/my_msgs/srv/detail/takeoff__type_support.c.o[0m
[ 24%] [32m[1mLinking C shared library libmy_msgs__rosidl_generator_c.so[0m
[ 24%] Built target my_msgs__rosidl_generator_c
[ 26%] [34m[1mGenerating C type support for eProsima Fast-RTPS[0m
[ 28%] [34m[1mGenerating C introspection for ROS interfaces[0m
[ 31%] [34m[1mGenerating C++ type support dispatch for ROS interfaces[0m
[ 33%] [34m[1mGenerating C type support dispatch for ROS interfaces[0m
[ 37%] [34m[1mGenerating C++ introspection for ROS interfaces[0m
[ 37%] [34m[1mGenerating C++ type support for eProsima Fast-RTPS[0m
[ 42%] [32mBuilding C object CMakeFiles/my_msgs__rosidl_typesupport_introspection_c.dir/rosidl_typesupport_introspection_c/my_msgs/srv/detail/takeoff__type_support.c.o[0m
[ 42%] [32mBuilding C object CMakeFiles/my_msgs__rosidl_typesupport_introspection_c.dir/rosidl_typesupport_introspection_c/my_msgs/msg/detail/params__type_support.c.o[0m
[ 44%] [32m[1mLinking C shared library libmy_msgs__rosidl_typesupport_introspection_c.so[0m
[ 46%] [32mBuilding CXX object CMakeFiles/my_msgs__rosidl_typesupport_fastrtps_c.dir/rosidl_typesupport_fastrtps_c/my_msgs/msg/detail/params__type_support_c.cpp.o[0m
[ 48%] [32mBuilding CXX object CMakeFiles/my_msgs__rosidl_typesupport_fastrtps_c.dir/rosidl_typesupport_fastrtps_c/my_msgs/srv/detail/takeoff__type_support_c.cpp.o[0m
[ 48%] Built target my_msgs__rosidl_typesupport_introspection_c
[ 51%] [32mBuilding CXX object CMakeFiles/my_msgs__rosidl_typesupport_c.dir/rosidl_typesupport_c/my_msgs/srv/takeoff__type_support.cpp.o[0m
[ 53%] [32mBuilding CXX object CMakeFiles/my_msgs__rosidl_typesupport_cpp.dir/rosidl_typesupport_cpp/my_msgs/srv/takeoff__type_support.cpp.o[0m
[ 55%] [32mBuilding CXX object CMakeFiles/my_msgs__rosidl_typesupport_cpp.dir/rosidl_typesupport_cpp/my_msgs/msg/params__type_support.cpp.o[0m
[ 57%] [32mBuilding CXX object CMakeFiles/my_msgs__rosidl_typesupport_c.dir/rosidl_typesupport_c/my_msgs/msg/params__type_support.cpp.o[0m
[ 60%] [32mBuilding CXX object CMakeFiles/my_msgs__rosidl_typesupport_introspection_cpp.dir/rosidl_typesupport_introspection_cpp/my_msgs/msg/detail/params__type_support.cpp.o[0m
[ 62%] [32mBuilding CXX object CMakeFiles/my_msgs__rosidl_typesupport_introspection_cpp.dir/rosidl_typesupport_introspection_cpp/my_msgs/srv/detail/takeoff__type_support.cpp.o[0m
[ 64%] [32m[1mLinking CXX shared library libmy_msgs__rosidl_typesupport_c.so[0m
[ 64%] Built target my_msgs__rosidl_typesupport_c
[ 68%] [32mBuilding CXX object CMakeFiles/my_msgs__rosidl_typesupport_fastrtps_cpp.dir/rosidl_typesupport_fastrtps_cpp/my_msgs/srv/detail/dds_fastrtps/takeoff__type_support.cpp.o[0m
[ 68%] [32mBuilding CXX object CMakeFiles/my_msgs__rosidl_typesupport_fastrtps_cpp.dir/rosidl_typesupport_fastrtps_cpp/my_msgs/msg/detail/dds_fastrtps/params__type_support.cpp.o[0m
[ 71%] [32m[1mLinking CXX shared library libmy_msgs__rosidl_typesupport_cpp.so[0m
[ 73%] [32m[1mLinking CXX shared library libmy_msgs__rosidl_typesupport_introspection_cpp.so[0m
[ 75%] [32m[1mLinking CXX shared library libmy_msgs__rosidl_typesupport_fastrtps_c.so[0m
[ 75%] Built target my_msgs__rosidl_typesupport_cpp
[ 75%] Built target my_msgs__rosidl_typesupport_introspection_cpp
[ 75%] Built target my_msgs__rosidl_typesupport_fastrtps_c
[ 77%] [32m[1mLinking CXX shared library libmy_msgs__rosidl_typesupport_fastrtps_cpp.so[0m
[ 77%] Built target my_msgs__rosidl_typesupport_fastrtps_cpp
[ 77%] Built target my_msgs
[ 80%] [34m[1mGenerating Python code for ROS interfaces[0m
[ 80%] Built target my_msgs__py
[ 82%] [32mBuilding C object CMakeFiles/my_msgs__rosidl_generator_py.dir/rosidl_generator_py/my_msgs/msg/_params_s.c.o[0m
[ 84%] [32mBuilding C object CMakeFiles/my_msgs__rosidl_generator_py.dir/rosidl_generator_py/my_msgs/srv/_takeoff_s.c.o[0m
[ 86%] [32m[1mLinking C shared library libmy_msgs__rosidl_generator_py.so[0m
[ 86%] Built target my_msgs__rosidl_generator_py
[ 88%] [32mBuilding C object CMakeFiles/my_msgs_s__rosidl_typesupport_c.dir/rosidl_generator_py/my_msgs/_my_msgs_s.ep.rosidl_typesupport_c.c.o[0m
[ 91%] [32mBuilding C object CMakeFiles/my_msgs_s__rosidl_typesupport_introspection_c.dir/rosidl_generator_py/my_msgs/_my_msgs_s.ep.rosidl_typesupport_introspection_c.c.o[0m
[ 93%] [32mBuilding C object CMakeFiles/my_msgs_s__rosidl_typesupport_fastrtps_c.dir/rosidl_generator_py/my_msgs/_my_msgs_s.ep.rosidl_typesupport_fastrtps_c.c.o[0m
[ 95%] [32m[1mLinking C shared module rosidl_generator_py/my_msgs/my_msgs_s__rosidl_typesupport_c.so[0m
[ 97%] [32m[1mLinking C shared module rosidl_generator_py/my_msgs/my_msgs_s__rosidl_typesupport_introspection_c.so[0m
[100%] [32m[1mLinking C shared module rosidl_generator_py/my_msgs/my_msgs_s__rosidl_typesupport_fastrtps_c.so[0m
[100%] Built target my_msgs_s__rosidl_typesupport_c
[100%] Built target my_msgs_s__rosidl_typesupport_introspection_c
[100%] Built target my_msgs_s__rosidl_typesupport_fastrtps_c
-- Install configuration: ""
-- Execute custom install script
-- Symlinking: /home/rui/uni/TFG/ESP-Micro_drone/code/ros_ws/install/my_msgs/share/ament_index/resource_index/rosidl_interfaces/my_msgs
-- Symlinking: /home/rui/uni/TFG/ESP-Micro_drone/code/ros_ws/install/my_msgs/share/my_msgs/msg/Params.json
-- Symlinking: /home/rui/uni/TFG/ESP-Micro_drone/code/ros_ws/install/my_msgs/share/my_msgs/srv/Takeoff.json
-- Symlinking: /home/rui/uni/TFG/ESP-Micro_drone/code/ros_ws/install/my_msgs/include/my_msgs/my_msgs/msg/detail/params__functions.h
-- Symlinking: /home/rui/uni/TFG/ESP-Micro_drone/code/ros_ws/install/my_msgs/include/my_msgs/my_msgs/msg/detail/params__struct.h
-- Symlinking: /home/rui/uni/TFG/ESP-Micro_drone/code/ros_ws/install/my_msgs/include/my_msgs/my_msgs/msg/detail/params__type_support.h
-- Symlinking: /home/rui/uni/TFG/ESP-Micro_drone/code/ros_ws/install/my_msgs/include/my_msgs/my_msgs/msg/params.h
-- Symlinking: /home/rui/uni/TFG/ESP-Micro_drone/code/ros_ws/install/my_msgs/include/my_msgs/my_msgs/msg/rosidl_generator_c__visibility_control.h
-- Symlinking: /home/rui/uni/TFG/ESP-Micro_drone/code/ros_ws/install/my_msgs/include/my_msgs/my_msgs/srv/detail/takeoff__functions.h
-- Symlinking: /home/rui/uni/TFG/ESP-Micro_drone/code/ros_ws/install/my_msgs/include/my_msgs/my_msgs/srv/detail/takeoff__struct.h
-- Symlinking: /home/rui/uni/TFG/ESP-Micro_drone/code/ros_ws/install/my_msgs/include/my_msgs/my_msgs/srv/detail/takeoff__type_support.h
-- Symlinking: /home/rui/uni/TFG/ESP-Micro_drone/code/ros_ws/install/my_msgs/include/my_msgs/my_msgs/srv/takeoff.h
-- Symlinking: /home/rui/uni/TFG/ESP-Micro_drone/code/ros_ws/install/my_msgs/share/my_msgs/environment/library_path.sh
-- Symlinking: /home/rui/uni/TFG/ESP-Micro_drone/code/ros_ws/install/my_msgs/share/my_msgs/environment/library_path.dsv
-- Symlinking: /home/rui/uni/TFG/ESP-Micro_drone/code/ros_ws/install/my_msgs/include/my_msgs/my_msgs/msg/detail/params__rosidl_typesupport_fastrtps_c.h
-- Symlinking: /home/rui/uni/TFG/ESP-Micro_drone/code/ros_ws/install/my_msgs/include/my_msgs/my_msgs/msg/rosidl_typesupport_fastrtps_c__visibility_control.h
-- Symlinking: /home/rui/uni/TFG/ESP-Micro_drone/code/ros_ws/install/my_msgs/include/my_msgs/my_msgs/srv/detail/takeoff__rosidl_typesupport_fastrtps_c.h
-- Symlinking: /home/rui/uni/TFG/ESP-Micro_drone/code/ros_ws/install/my_msgs/include/my_msgs/my_msgs/msg/detail/params__rosidl_typesupport_introspection_c.h
-- Symlinking: /home/rui/uni/TFG/ESP-Micro_drone/code/ros_ws/install/my_msgs/include/my_msgs/my_msgs/msg/rosidl_typesupport_introspection_c__visibility_control.h
-- Symlinking: /home/rui/uni/TFG/ESP-Micro_drone/code/ros_ws/install/my_msgs/include/my_msgs/my_msgs/srv/detail/takeoff__rosidl_typesupport_introspection_c.h
-- Symlinking: /home/rui/uni/TFG/ESP-Micro_drone/code/ros_ws/install/my_msgs/include/my_msgs/my_msgs/msg/detail/params__builder.hpp
-- Symlinking: /home/rui/uni/TFG/ESP-Micro_drone/code/ros_ws/install/my_msgs/include/my_msgs/my_msgs/msg/detail/params__struct.hpp
-- Symlinking: /home/rui/uni/TFG/ESP-Micro_drone/code/ros_ws/install/my_msgs/include/my_msgs/my_msgs/msg/detail/params__traits.hpp
-- Symlinking: /home/rui/uni/TFG/ESP-Micro_drone/code/ros_ws/install/my_msgs/include/my_msgs/my_msgs/msg/detail/params__type_support.hpp
-- Symlinking: /home/rui/uni/TFG/ESP-Micro_drone/code/ros_ws/install/my_msgs/include/my_msgs/my_msgs/msg/params.hpp
-- Symlinking: /home/rui/uni/TFG/ESP-Micro_drone/code/ros_ws/install/my_msgs/include/my_msgs/my_msgs/msg/rosidl_generator_cpp__visibility_control.hpp
-- Symlinking: /home/rui/uni/TFG/ESP-Micro_drone/code/ros_ws/install/my_msgs/include/my_msgs/my_msgs/srv/detail/takeoff__builder.hpp
-- Symlinking: /home/rui/uni/TFG/ESP-Micro_drone/code/ros_ws/install/my_msgs/include/my_msgs/my_msgs/srv/detail/takeoff__struct.hpp
-- Symlinking: /home/rui/uni/TFG/ESP-Micro_drone/code/ros_ws/install/my_msgs/include/my_msgs/my_msgs/srv/detail/takeoff__traits.hpp
-- Symlinking: /home/rui/uni/TFG/ESP-Micro_drone/code/ros_ws/install/my_msgs/include/my_msgs/my_msgs/srv/detail/takeoff__type_support.hpp
-- Symlinking: /home/rui/uni/TFG/ESP-Micro_drone/code/ros_ws/install/my_msgs/include/my_msgs/my_msgs/srv/takeoff.hpp
-- Symlinking: /home/rui/uni/TFG/ESP-Micro_drone/code/ros_ws/install/my_msgs/include/my_msgs/my_msgs/msg/detail/params__rosidl_typesupport_fastrtps_cpp.hpp
-- Symlinking: /home/rui/uni/TFG/ESP-Micro_drone/code/ros_ws/install/my_msgs/include/my_msgs/my_msgs/msg/rosidl_typesupport_fastrtps_cpp__visibility_control.h
-- Symlinking: /home/rui/uni/TFG/ESP-Micro_drone/code/ros_ws/install/my_msgs/include/my_msgs/my_msgs/srv/detail/takeoff__rosidl_typesupport_fastrtps_cpp.hpp
-- Symlinking: /home/rui/uni/TFG/ESP-Micro_drone/code/ros_ws/install/my_msgs/include/my_msgs/my_msgs/msg/detail/params__rosidl_typesupport_introspection_cpp.hpp
-- Symlinking: /home/rui/uni/TFG/ESP-Micro_drone/code/ros_ws/install/my_msgs/include/my_msgs/my_msgs/srv/detail/takeoff__rosidl_typesupport_introspection_cpp.hpp
-- Symlinking: /home/rui/uni/TFG/ESP-Micro_drone/code/ros_ws/install/my_msgs/share/my_msgs/environment/pythonpath.sh
-- Symlinking: /home/rui/uni/TFG/ESP-Micro_drone/code/ros_ws/install/my_msgs/share/my_msgs/environment/pythonpath.dsv
-- Symlinking: /home/rui/uni/TFG/ESP-Micro_drone/code/ros_ws/install/my_msgs/lib/python3.12/site-packages/my_msgs-0.0.0-py3.12.egg-info/PKG-INFO
-- Symlinking: /home/rui/uni/TFG/ESP-Micro_drone/code/ros_ws/install/my_msgs/lib/python3.12/site-packages/my_msgs-0.0.0-py3.12.egg-info/SOURCES.txt
-- Symlinking: /home/rui/uni/TFG/ESP-Micro_drone/code/ros_ws/install/my_msgs/lib/python3.12/site-packages/my_msgs-0.0.0-py3.12.egg-info/dependency_links.txt
-- Symlinking: /home/rui/uni/TFG/ESP-Micro_drone/code/ros_ws/install/my_msgs/lib/python3.12/site-packages/my_msgs-0.0.0-py3.12.egg-info/top_level.txt
-- Symlinking: /home/rui/uni/TFG/ESP-Micro_drone/code/ros_ws/install/my_msgs/lib/python3.12/site-packages/my_msgs/__init__.py
-- Symlinking: /home/rui/uni/TFG/ESP-Micro_drone/code/ros_ws/install/my_msgs/lib/python3.12/site-packages/my_msgs/_my_msgs_s.ep.rosidl_typesupport_c.c
-- Symlinking: /home/rui/uni/TFG/ESP-Micro_drone/code/ros_ws/install/my_msgs/lib/python3.12/site-packages/my_msgs/_my_msgs_s.ep.rosidl_typesupport_fastrtps_c.c
-- Symlinking: /home/rui/uni/TFG/ESP-Micro_drone/code/ros_ws/install/my_msgs/lib/python3.12/site-packages/my_msgs/_my_msgs_s.ep.rosidl_typesupport_introspection_c.c
-- Symlinking: /home/rui/uni/TFG/ESP-Micro_drone/code/ros_ws/install/my_msgs/lib/python3.12/site-packages/my_msgs/msg/__init__.py
-- Symlinking: /home/rui/uni/TFG/ESP-Micro_drone/code/ros_ws/install/my_msgs/lib/python3.12/site-packages/my_msgs/msg/_params.py
-- Symlinking: /home/rui/uni/TFG/ESP-Micro_drone/code/ros_ws/install/my_msgs/lib/python3.12/site-packages/my_msgs/msg/_params_s.c
-- Symlinking: /home/rui/uni/TFG/ESP-Micro_drone/code/ros_ws/install/my_msgs/lib/python3.12/site-packages/my_msgs/my_msgs_s__rosidl_typesupport_c.so
-- Symlinking: /home/rui/uni/TFG/ESP-Micro_drone/code/ros_ws/install/my_msgs/lib/python3.12/site-packages/my_msgs/my_msgs_s__rosidl_typesupport_fastrtps_c.so
-- Symlinking: /home/rui/uni/TFG/ESP-Micro_drone/code/ros_ws/install/my_msgs/lib/python3.12/site-packages/my_msgs/my_msgs_s__rosidl_typesupport_introspection_c.so
-- Symlinking: /home/rui/uni/TFG/ESP-Micro_drone/code/ros_ws/install/my_msgs/lib/python3.12/site-packages/my_msgs/srv/__init__.py
-- Symlinking: /home/rui/uni/TFG/ESP-Micro_drone/code/ros_ws/install/my_msgs/lib/python3.12/site-packages/my_msgs/srv/_takeoff.py
-- Symlinking: /home/rui/uni/TFG/ESP-Micro_drone/code/ros_ws/install/my_msgs/lib/python3.12/site-packages/my_msgs/srv/_takeoff_s.c
-- Up-to-date symlink: /home/rui/uni/TFG/ESP-Micro_drone/code/ros_ws/install/my_msgs/lib/python3.12/site-packages/my_msgs/my_msgs_s__rosidl_typesupport_fastrtps_c.so
-- Up-to-date symlink: /home/rui/uni/TFG/ESP-Micro_drone/code/ros_ws/install/my_msgs/lib/python3.12/site-packages/my_msgs/my_msgs_s__rosidl_typesupport_introspection_c.so
-- Up-to-date symlink: /home/rui/uni/TFG/ESP-Micro_drone/code/ros_ws/install/my_msgs/lib/python3.12/site-packages/my_msgs/my_msgs_s__rosidl_typesupport_c.so
-- Symlinking: /home/rui/uni/TFG/ESP-Micro_drone/code/ros_ws/install/my_msgs/share/ament_index/resource_index/rust_packages/my_msgs
-- Symlinking: /home/rui/uni/TFG/ESP-Micro_drone/code/ros_ws/install/my_msgs/share/my_msgs/rust/Cargo.toml
-- Symlinking: /home/rui/uni/TFG/ESP-Micro_drone/code/ros_ws/install/my_msgs/share/my_msgs/rust/build.rs
-- Symlinking: /home/rui/uni/TFG/ESP-Micro_drone/code/ros_ws/install/my_msgs/share/my_msgs/rust/src/lib.rs
-- Symlinking: /home/rui/uni/TFG/ESP-Micro_drone/code/ros_ws/install/my_msgs/share/my_msgs/rust/src/msg.rs
-- Symlinking: /home/rui/uni/TFG/ESP-Micro_drone/code/ros_ws/install/my_msgs/share/my_msgs/rust/src/msg/rmw.rs
-- Symlinking: /home/rui/uni/TFG/ESP-Micro_drone/code/ros_ws/install/my_msgs/share/my_msgs/rust/src/srv.rs
-- Symlinking: /home/rui/uni/TFG/ESP-Micro_drone/code/ros_ws/install/my_msgs/share/my_msgs/rust/src/srv/rmw.rs
-- Symlinking: /home/rui/uni/TFG/ESP-Micro_drone/code/ros_ws/install/my_msgs/share/my_msgs/msg/Params.idl
-- Symlinking: /home/rui/uni/TFG/ESP-Micro_drone/code/ros_ws/install/my_msgs/share/my_msgs/srv/Takeoff.idl
-- Symlinking: /home/rui/uni/TFG/ESP-Micro_drone/code/ros_ws/install/my_msgs/share/my_msgs/msg/Params.msg
-- Symlinking: /home/rui/uni/TFG/ESP-Micro_drone/code/ros_ws/install/my_msgs/share/my_msgs/srv/Takeoff.srv
-- Symlinking: /home/rui/uni/TFG/ESP-Micro_drone/code/ros_ws/install/my_msgs/share/ament_index/resource_index/package_run_dependencies/my_msgs
-- Symlinking: /home/rui/uni/TFG/ESP-Micro_drone/code/ros_ws/install/my_msgs/share/ament_index/resource_index/parent_prefix_path/my_msgs
-- Symlinking: /home/rui/uni/TFG/ESP-Micro_drone/code/ros_ws/install/my_msgs/share/my_msgs/environment/ament_prefix_path.sh
-- Symlinking: /home/rui/uni/TFG/ESP-Micro_drone/code/ros_ws/install/my_msgs/share/my_msgs/environment/ament_prefix_path.dsv
-- Symlinking: /home/rui/uni/TFG/ESP-Micro_drone/code/ros_ws/install/my_msgs/share/my_msgs/environment/path.sh
-- Symlinking: /home/rui/uni/TFG/ESP-Micro_drone/code/ros_ws/install/my_msgs/share/my_msgs/environment/path.dsv
-- Symlinking: /home/rui/uni/TFG/ESP-Micro_drone/code/ros_ws/install/my_msgs/share/my_msgs/local_setup.bash
-- Symlinking: /home/rui/uni/TFG/ESP-Micro_drone/code/ros_ws/install/my_msgs/share/my_msgs/local_setup.sh
-- Symlinking: /home/rui/uni/TFG/ESP-Micro_drone/code/ros_ws/install/my_msgs/share/my_msgs/local_setup.zsh
-- Symlinking: /home/rui/uni/TFG/ESP-Micro_drone/code/ros_ws/install/my_msgs/share/my_msgs/local_setup.dsv
-- Symlinking: /home/rui/uni/TFG/ESP-Micro_drone/code/ros_ws/install/my_msgs/share/my_msgs/package.dsv
-- Symlinking: /home/rui/uni/TFG/ESP-Micro_drone/code/ros_ws/install/my_msgs/share/ament_index/resource_index/packages/my_msgs
-- Symlinking: /home/rui/uni/TFG/ESP-Micro_drone/code/ros_ws/install/my_msgs/share/my_msgs/cmake/rosidl_cmake-extras.cmake
-- Symlinking: /home/rui/uni/TFG/ESP-Micro_drone/code/ros_ws/install/my_msgs/share/my_msgs/cmake/ament_cmake_export_dependencies-extras.cmake
-- Symlinking: /home/rui/uni/TFG/ESP-Micro_drone/code/ros_ws/install/my_msgs/share/my_msgs/cmake/ament_cmake_export_include_directories-extras.cmake
-- Symlinking: /home/rui/uni/TFG/ESP-Micro_drone/code/ros_ws/install/my_msgs/share/my_msgs/cmake/ament_cmake_export_libraries-extras.cmake
-- Symlinking: /home/rui/uni/TFG/ESP-Micro_drone/code/ros_ws/install/my_msgs/share/my_msgs/cmake/ament_cmake_export_targets-extras.cmake
-- Symlinking: /home/rui/uni/TFG/ESP-Micro_drone/code/ros_ws/install/my_msgs/share/my_msgs/cmake/rosidl_cmake_export_typesupport_targets-extras.cmake
-- Symlinking: /home/rui/uni/TFG/ESP-Micro_drone/code/ros_ws/install/my_msgs/share/my_msgs/cmake/rosidl_cmake_export_typesupport_libraries-extras.cmake
-- Symlinking: /home/rui/uni/TFG/ESP-Micro_drone/code/ros_ws/install/my_msgs/share/my_msgs/cmake/my_msgsConfig.cmake
-- Symlinking: /home/rui/uni/TFG/ESP-Micro_drone/code/ros_ws/install/my_msgs/share/my_msgs/cmake/my_msgsConfig-version.cmake
-- Symlinking: /home/rui/uni/TFG/ESP-Micro_drone/code/ros_ws/install/my_msgs/share/my_msgs/package.xml
-- Installing: /home/rui/uni/TFG/ESP-Micro_drone/code/ros_ws/install/my_msgs/lib/libmy_msgs__rosidl_generator_c.so
-- Set non-toolchain portion of runtime path of "/home/rui/uni/TFG/ESP-Micro_drone/code/ros_ws/install/my_msgs/lib/libmy_msgs__rosidl_generator_c.so" to ""
-- Installing: /home/rui/uni/TFG/ESP-Micro_drone/code/ros_ws/install/my_msgs/lib/libmy_msgs__rosidl_typesupport_fastrtps_c.so
-- Set non-toolchain portion of runtime path of "/home/rui/uni/TFG/ESP-Micro_drone/code/ros_ws/install/my_msgs/lib/libmy_msgs__rosidl_typesupport_fastrtps_c.so" to ""
-- Installing: /home/rui/uni/TFG/ESP-Micro_drone/code/ros_ws/install/my_msgs/lib/libmy_msgs__rosidl_typesupport_introspection_c.so
-- Set non-toolchain portion of runtime path of "/home/rui/uni/TFG/ESP-Micro_drone/code/ros_ws/install/my_msgs/lib/libmy_msgs__rosidl_typesupport_introspection_c.so" to ""
-- Installing: /home/rui/uni/TFG/ESP-Micro_drone/code/ros_ws/install/my_msgs/lib/libmy_msgs__rosidl_typesupport_c.so
-- Set non-toolchain portion of runtime path of "/home/rui/uni/TFG/ESP-Micro_drone/code/ros_ws/install/my_msgs/lib/libmy_msgs__rosidl_typesupport_c.so" to ""
-- Installing: /home/rui/uni/TFG/ESP-Micro_drone/code/ros_ws/install/my_msgs/lib/libmy_msgs__rosidl_typesupport_fastrtps_cpp.so
-- Set non-toolchain portion of runtime path of "/home/rui/uni/TFG/ESP-Micro_drone/code/ros_ws/install/my_msgs/lib/libmy_msgs__rosidl_typesupport_fastrtps_cpp.so" to ""
-- Installing: /home/rui/uni/TFG/ESP-Micro_drone/code/ros_ws/install/my_msgs/lib/libmy_msgs__rosidl_typesupport_introspection_cpp.so
-- Set non-toolchain portion of runtime path of "/home/rui/uni/TFG/ESP-Micro_drone/code/ros_ws/install/my_msgs/lib/libmy_msgs__rosidl_typesupport_introspection_cpp.so" to ""
-- Installing: /home/rui/uni/TFG/ESP-Micro_drone/code/ros_ws/install/my_msgs/lib/libmy_msgs__rosidl_typesupport_cpp.so
-- Set non-toolchain portion of runtime path of "/home/rui/uni/TFG/ESP-Micro_drone/code/ros_ws/install/my_msgs/lib/libmy_msgs__rosidl_typesupport_cpp.so" to ""
Listing '/home/rui/uni/TFG/ESP-Micro_drone/code/ros_ws/install/my_msgs/lib/python3.12/site-packages/my_msgs'...
Compiling '/home/rui/uni/TFG/ESP-Micro_drone/code/ros_ws/install/my_msgs/lib/python3.12/site-packages/my_msgs/__init__.py'...
Listing '/home/rui/uni/TFG/ESP-Micro_drone/code/ros_ws/install/my_msgs/lib/python3.12/site-packages/my_msgs/msg'...
Compiling '/home/rui/uni/TFG/ESP-Micro_drone/code/ros_ws/install/my_msgs/lib/python3.12/site-packages/my_msgs/msg/__init__.py'...
Compiling '/home/rui/uni/TFG/ESP-Micro_drone/code/ros_ws/install/my_msgs/lib/python3.12/site-packages/my_msgs/msg/_params.py'...
Listing '/home/rui/uni/TFG/ESP-Micro_drone/code/ros_ws/install/my_msgs/lib/python3.12/site-packages/my_msgs/srv'...
Compiling '/home/rui/uni/TFG/ESP-Micro_drone/code/ros_ws/install/my_msgs/lib/python3.12/site-packages/my_msgs/srv/__init__.py'...
Compiling '/home/rui/uni/TFG/ESP-Micro_drone/code/ros_ws/install/my_msgs/lib/python3.12/site-packages/my_msgs/srv/_takeoff.py'...
-- Installing: /home/rui/uni/TFG/ESP-Micro_drone/code/ros_ws/install/my_msgs/lib/libmy_msgs__rosidl_generator_py.so
-- Set non-toolchain portion of runtime path of "/home/rui/uni/TFG/ESP-Micro_drone/code/ros_ws/install/my_msgs/lib/libmy_msgs__rosidl_generator_py.so" to ""
-- Installing: /home/rui/uni/TFG/ESP-Micro_drone/code/ros_ws/install/my_msgs/share/my_msgs/cmake/export_my_msgs__rosidl_generator_cExport.cmake
-- Installing: /home/rui/uni/TFG/ESP-Micro_drone/code/ros_ws/install/my_msgs/share/my_msgs/cmake/export_my_msgs__rosidl_generator_cExport-noconfig.cmake
-- Installing: /home/rui/uni/TFG/ESP-Micro_drone/code/ros_ws/install/my_msgs/share/my_msgs/cmake/export_my_msgs__rosidl_typesupport_fastrtps_cExport.cmake
-- Installing: /home/rui/uni/TFG/ESP-Micro_drone/code/ros_ws/install/my_msgs/share/my_msgs/cmake/export_my_msgs__rosidl_typesupport_fastrtps_cExport-noconfig.cmake
-- Installing: /home/rui/uni/TFG/ESP-Micro_drone/code/ros_ws/install/my_msgs/share/my_msgs/cmake/my_msgs__rosidl_typesupport_introspection_cExport.cmake
-- Installing: /home/rui/uni/TFG/ESP-Micro_drone/code/ros_ws/install/my_msgs/share/my_msgs/cmake/my_msgs__rosidl_typesupport_introspection_cExport-noconfig.cmake
-- Installing: /home/rui/uni/TFG/ESP-Micro_drone/code/ros_ws/install/my_msgs/share/my_msgs/cmake/my_msgs__rosidl_typesupport_cExport.cmake
-- Installing: /home/rui/uni/TFG/ESP-Micro_drone/code/ros_ws/install/my_msgs/share/my_msgs/cmake/my_msgs__rosidl_typesupport_cExport-noconfig.cmake
-- Installing: /home/rui/uni/TFG/ESP-Micro_drone/code/ros_ws/install/my_msgs/share/my_msgs/cmake/export_my_msgs__rosidl_generator_cppExport.cmake
-- Installing: /home/rui/uni/TFG/ESP-Micro_drone/code/ros_ws/install/my_msgs/share/my_msgs/cmake/export_my_msgs__rosidl_typesupport_fastrtps_cppExport.cmake
-- Installing: /home/rui/uni/TFG/ESP-Micro_drone/code/ros_ws/install/my_msgs/share/my_msgs/cmake/export_my_msgs__rosidl_typesupport_fastrtps_cppExport-noconfig.cmake
-- Installing: /home/rui/uni/TFG/ESP-Micro_drone/code/ros_ws/install/my_msgs/share/my_msgs/cmake/my_msgs__rosidl_typesupport_introspection_cppExport.cmake
-- Installing: /home/rui/uni/TFG/ESP-Micro_drone/code/ros_ws/install/my_msgs/share/my_msgs/cmake/my_msgs__rosidl_typesupport_introspection_cppExport-noconfig.cmake
-- Installing: /home/rui/uni/TFG/ESP-Micro_drone/code/ros_ws/install/my_msgs/share/my_msgs/cmake/my_msgs__rosidl_typesupport_cppExport.cmake
-- Installing: /home/rui/uni/TFG/ESP-Micro_drone/code/ros_ws/install/my_msgs/share/my_msgs/cmake/my_msgs__rosidl_typesupport_cppExport-noconfig.cmake
-- Installing: /home/rui/uni/TFG/ESP-Micro_drone/code/ros_ws/install/my_msgs/share/my_msgs/cmake/export_my_msgs__rosidl_generator_pyExport.cmake
-- Installing: /home/rui/uni/TFG/ESP-Micro_drone/code/ros_ws/install/my_msgs/share/my_msgs/cmake/export_my_msgs__rosidl_generator_pyExport-noconfig.cmake
