[0.010s] Invoking command in '/home/rui/uni/TFG/ESP-Micro_drone/code/ros_ws/build/my_msgs': CMAKE_PREFIX_PATH=${CMAKE_PREFIX_PATH}:/opt/ros/jazzy DEBUGINFOD_URLS=https://debuginfod.ubuntu.com /usr/bin/cmake /home/rui/uni/TFG/ESP-Micro_drone/code/ros_ws/src/my_msgs -DAMENT_CMAKE_SYMLINK_INSTALL=1 -DCMAKE_INSTALL_PREFIX=/home/rui/uni/TFG/ESP-Micro_drone/code/ros_ws/install/my_msgs
[0.024s] -- Found ament_cmake: 2.5.6 (/opt/ros/jazzy/share/ament_cmake/cmake)
[0.122s] -- Override CMake install command with custom implementation using symlinks instead of copying resources
[0.137s] -- Found rosidl_default_generators: 1.6.0 (/opt/ros/jazzy/share/rosidl_default_generators/cmake)
[0.140s] -- Using all available rosidl_typesupport_c: rosidl_typesupport_fastrtps_c;rosidl_typesupport_introspection_c
[0.183s] -- Using all available rosidl_typesupport_cpp: rosidl_typesupport_fastrtps_cpp;rosidl_typesupport_introspection_cpp
[0.224s] -- Found rosidl_adapter: 4.6.7 (/opt/ros/jazzy/share/rosidl_adapter/cmake)
[0.486s] -- Found ament_cmake_ros: 0.12.0 (/opt/ros/jazzy/share/ament_cmake_ros/cmake)
[0.562s] -- Using all available rosidl_typesupport_c: rosidl_typesupport_fastrtps_c;rosidl_typesupport_introspection_c
[0.657s] -- Using all available rosidl_typesupport_cpp: rosidl_typesupport_fastrtps_cpp;rosidl_typesupport_introspection_cpp
[0.659s] -- Found python_cmake_module: 0.11.1 (/opt/ros/jazzy/share/python_cmake_module/cmake)
[0.923s] -- Found Python3: /home/rui/.espressif/python_env/idf5.2_py3.12_env/bin/python3 (found version "3.12.3") found components: Interpreter Development NumPy Development.Module Development.Embed 
[0.980s] -- Found Python3: /home/rui/.espressif/python_env/idf5.2_py3.12_env/bin/python3 (found version "3.12.3") found components: Interpreter 
[0.986s] -- Found ament_lint_auto: 0.17.5 (/opt/ros/jazzy/share/ament_lint_auto/cmake)
[1.029s] -- Added test 'lint_cmake' to check CMake code style
[1.031s] -- Added test 'xmllint' to check XML markup files
[1.036s] -- Configuring done (1.0s)
[1.073s] -- Generating done (0.0s)
[1.096s] -- Build files have been written to: /home/rui/uni/TFG/ESP-Micro_drone/code/ros_ws/build/my_msgs
[1.104s] Invoked command in '/home/rui/uni/TFG/ESP-Micro_drone/code/ros_ws/build/my_msgs' returned '0': CMAKE_PREFIX_PATH=${CMAKE_PREFIX_PATH}:/opt/ros/jazzy DEBUGINFOD_URLS=https://debuginfod.ubuntu.com /usr/bin/cmake /home/rui/uni/TFG/ESP-Micro_drone/code/ros_ws/src/my_msgs -DAMENT_CMAKE_SYMLINK_INSTALL=1 -DCMAKE_INSTALL_PREFIX=/home/rui/uni/TFG/ESP-Micro_drone/code/ros_ws/install/my_msgs
[1.106s] Invoking command in '/home/rui/uni/TFG/ESP-Micro_drone/code/ros_ws/build/my_msgs': CMAKE_PREFIX_PATH=${CMAKE_PREFIX_PATH}:/opt/ros/jazzy DEBUGINFOD_URLS=https://debuginfod.ubuntu.com /usr/bin/cmake --build /home/rui/uni/TFG/ESP-Micro_drone/code/ros_ws/build/my_msgs -- -j8 -l8
[1.153s] [  2%] [34m[1mGenerating type hashes for ROS interfaces[0m
[1.161s] [  2%] Built target ament_cmake_python_symlink_my_msgs
[1.165s] [  4%] [34m[1mGenerating Rust code for ROS interfaces[0m
[1.379s] [  4%] Built target my_msgs__rosidl_generator_type_description
[1.389s] [  6%] [34m[1mGenerating C code for ROS interfaces[0m
[1.399s] [  8%] [34m[1mGenerating C++ code for ROS interfaces[0m
[1.410s] running egg_info
[1.433s] [  8%] Built target my_msgs__rs
[1.435s] creating my_msgs.egg-info
[1.435s] writing my_msgs.egg-info/PKG-INFO
[1.435s] writing dependency_links to my_msgs.egg-info/dependency_links.txt
[1.436s] writing top-level names to my_msgs.egg-info/top_level.txt
[1.436s] writing manifest file 'my_msgs.egg-info/SOURCES.txt'
[1.500s] reading manifest file 'my_msgs.egg-info/SOURCES.txt'
[1.500s] writing manifest file 'my_msgs.egg-info/SOURCES.txt'
[1.535s] [  8%] Built target ament_cmake_python_build_my_msgs_egg
[1.746s] [  8%] Built target my_msgs__cpp
[1.785s] [ 13%] [32mBuilding C object CMakeFiles/my_msgs__rosidl_generator_c.dir/rosidl_generator_c/my_msgs/srv/detail/takeoff__description.c.o[0m
[1.786s] [ 13%] [32mBuilding C object CMakeFiles/my_msgs__rosidl_generator_c.dir/rosidl_generator_c/my_msgs/msg/detail/params__functions.c.o[0m
[1.788s] [ 15%] [32mBuilding C object CMakeFiles/my_msgs__rosidl_generator_c.dir/rosidl_generator_c/my_msgs/msg/detail/params__description.c.o[0m
[1.788s] [ 20%] [32mBuilding C object CMakeFiles/my_msgs__rosidl_generator_c.dir/rosidl_generator_c/my_msgs/msg/detail/params__type_support.c.o[0m
[1.788s] [ 20%] [32mBuilding C object CMakeFiles/my_msgs__rosidl_generator_c.dir/rosidl_generator_c/my_msgs/srv/detail/takeoff__functions.c.o[0m
[1.788s] [ 22%] [32mBuilding C object CMakeFiles/my_msgs__rosidl_generator_c.dir/rosidl_generator_c/my_msgs/srv/detail/takeoff__type_support.c.o[0m
[1.888s] [ 24%] [32m[1mLinking C shared library libmy_msgs__rosidl_generator_c.so[0m
[1.929s] [ 24%] Built target my_msgs__rosidl_generator_c
[1.939s] [ 26%] [34m[1mGenerating C type support for eProsima Fast-RTPS[0m
[1.939s] [ 28%] [34m[1mGenerating C introspection for ROS interfaces[0m
[1.941s] [ 31%] [34m[1mGenerating C++ type support dispatch for ROS interfaces[0m
[1.941s] [ 33%] [34m[1mGenerating C type support dispatch for ROS interfaces[0m
[1.942s] [ 37%] [34m[1mGenerating C++ introspection for ROS interfaces[0m
[1.942s] [ 37%] [34m[1mGenerating C++ type support for eProsima Fast-RTPS[0m
[2.257s] [ 42%] [32mBuilding C object CMakeFiles/my_msgs__rosidl_typesupport_introspection_c.dir/rosidl_typesupport_introspection_c/my_msgs/srv/detail/takeoff__type_support.c.o[0m
[2.258s] [ 42%] [32mBuilding C object CMakeFiles/my_msgs__rosidl_typesupport_introspection_c.dir/rosidl_typesupport_introspection_c/my_msgs/msg/detail/params__type_support.c.o[0m
[2.322s] [ 44%] [32m[1mLinking C shared library libmy_msgs__rosidl_typesupport_introspection_c.so[0m
[2.335s] [ 46%] [32mBuilding CXX object CMakeFiles/my_msgs__rosidl_typesupport_fastrtps_c.dir/rosidl_typesupport_fastrtps_c/my_msgs/msg/detail/params__type_support_c.cpp.o[0m
[2.335s] [ 48%] [32mBuilding CXX object CMakeFiles/my_msgs__rosidl_typesupport_fastrtps_c.dir/rosidl_typesupport_fastrtps_c/my_msgs/srv/detail/takeoff__type_support_c.cpp.o[0m
[2.354s] [ 48%] Built target my_msgs__rosidl_typesupport_introspection_c
[2.397s] [ 51%] [32mBuilding CXX object CMakeFiles/my_msgs__rosidl_typesupport_c.dir/rosidl_typesupport_c/my_msgs/srv/takeoff__type_support.cpp.o[0m
[2.397s] [ 53%] [32mBuilding CXX object CMakeFiles/my_msgs__rosidl_typesupport_cpp.dir/rosidl_typesupport_cpp/my_msgs/srv/takeoff__type_support.cpp.o[0m
[2.397s] [ 55%] [32mBuilding CXX object CMakeFiles/my_msgs__rosidl_typesupport_cpp.dir/rosidl_typesupport_cpp/my_msgs/msg/params__type_support.cpp.o[0m
[2.398s] [ 57%] [32mBuilding CXX object CMakeFiles/my_msgs__rosidl_typesupport_c.dir/rosidl_typesupport_c/my_msgs/msg/params__type_support.cpp.o[0m
[2.461s] [ 60%] [32mBuilding CXX object CMakeFiles/my_msgs__rosidl_typesupport_introspection_cpp.dir/rosidl_typesupport_introspection_cpp/my_msgs/msg/detail/params__type_support.cpp.o[0m
[2.467s] [ 62%] [32mBuilding CXX object CMakeFiles/my_msgs__rosidl_typesupport_introspection_cpp.dir/rosidl_typesupport_introspection_cpp/my_msgs/srv/detail/takeoff__type_support.cpp.o[0m
[2.467s] [ 64%] [32m[1mLinking CXX shared library libmy_msgs__rosidl_typesupport_c.so[0m
[2.536s] [ 64%] Built target my_msgs__rosidl_typesupport_c
[2.566s] [ 68%] [32mBuilding CXX object CMakeFiles/my_msgs__rosidl_typesupport_fastrtps_cpp.dir/rosidl_typesupport_fastrtps_cpp/my_msgs/srv/detail/dds_fastrtps/takeoff__type_support.cpp.o[0m
[2.566s] [ 68%] [32mBuilding CXX object CMakeFiles/my_msgs__rosidl_typesupport_fastrtps_cpp.dir/rosidl_typesupport_fastrtps_cpp/my_msgs/msg/detail/dds_fastrtps/params__type_support.cpp.o[0m
[3.124s] [ 71%] [32m[1mLinking CXX shared library libmy_msgs__rosidl_typesupport_cpp.so[0m
[3.156s] [ 73%] [32m[1mLinking CXX shared library libmy_msgs__rosidl_typesupport_introspection_cpp.so[0m
[3.233s] [ 75%] [32m[1mLinking CXX shared library libmy_msgs__rosidl_typesupport_fastrtps_c.so[0m
[3.254s] [ 75%] Built target my_msgs__rosidl_typesupport_cpp
[3.292s] [ 75%] Built target my_msgs__rosidl_typesupport_introspection_cpp
[3.358s] [ 75%] Built target my_msgs__rosidl_typesupport_fastrtps_c
[3.470s] [ 77%] [32m[1mLinking CXX shared library libmy_msgs__rosidl_typesupport_fastrtps_cpp.so[0m
[3.558s] [ 77%] Built target my_msgs__rosidl_typesupport_fastrtps_cpp
[3.577s] [ 77%] Built target my_msgs
[3.597s] [ 80%] [34m[1mGenerating Python code for ROS interfaces[0m
[4.079s] [ 80%] Built target my_msgs__py
[4.097s] [ 82%] [32mBuilding C object CMakeFiles/my_msgs__rosidl_generator_py.dir/rosidl_generator_py/my_msgs/msg/_params_s.c.o[0m
[4.097s] [ 84%] [32mBuilding C object CMakeFiles/my_msgs__rosidl_generator_py.dir/rosidl_generator_py/my_msgs/srv/_takeoff_s.c.o[0m
[4.281s] [ 86%] [32m[1mLinking C shared library libmy_msgs__rosidl_generator_py.so[0m
[4.322s] [ 86%] Built target my_msgs__rosidl_generator_py
[4.341s] [ 88%] [32mBuilding C object CMakeFiles/my_msgs_s__rosidl_typesupport_c.dir/rosidl_generator_py/my_msgs/_my_msgs_s.ep.rosidl_typesupport_c.c.o[0m
[4.345s] [ 91%] [32mBuilding C object CMakeFiles/my_msgs_s__rosidl_typesupport_introspection_c.dir/rosidl_generator_py/my_msgs/_my_msgs_s.ep.rosidl_typesupport_introspection_c.c.o[0m
[4.345s] [ 93%] [32mBuilding C object CMakeFiles/my_msgs_s__rosidl_typesupport_fastrtps_c.dir/rosidl_generator_py/my_msgs/_my_msgs_s.ep.rosidl_typesupport_fastrtps_c.c.o[0m
[4.447s] [ 95%] [32m[1mLinking C shared module rosidl_generator_py/my_msgs/my_msgs_s__rosidl_typesupport_c.so[0m
[4.450s] [ 97%] [32m[1mLinking C shared module rosidl_generator_py/my_msgs/my_msgs_s__rosidl_typesupport_introspection_c.so[0m
[4.455s] [100%] [32m[1mLinking C shared module rosidl_generator_py/my_msgs/my_msgs_s__rosidl_typesupport_fastrtps_c.so[0m
[4.476s] [100%] Built target my_msgs_s__rosidl_typesupport_c
[4.478s] [100%] Built target my_msgs_s__rosidl_typesupport_introspection_c
[4.485s] [100%] Built target my_msgs_s__rosidl_typesupport_fastrtps_c
[4.496s] Invoked command in '/home/rui/uni/TFG/ESP-Micro_drone/code/ros_ws/build/my_msgs' returned '0': CMAKE_PREFIX_PATH=${CMAKE_PREFIX_PATH}:/opt/ros/jazzy DEBUGINFOD_URLS=https://debuginfod.ubuntu.com /usr/bin/cmake --build /home/rui/uni/TFG/ESP-Micro_drone/code/ros_ws/build/my_msgs -- -j8 -l8
[4.505s] Invoking command in '/home/rui/uni/TFG/ESP-Micro_drone/code/ros_ws/build/my_msgs': CMAKE_PREFIX_PATH=${CMAKE_PREFIX_PATH}:/opt/ros/jazzy DEBUGINFOD_URLS=https://debuginfod.ubuntu.com /usr/bin/cmake --install /home/rui/uni/TFG/ESP-Micro_drone/code/ros_ws/build/my_msgs
[4.513s] -- Install configuration: ""
[4.513s] -- Execute custom install script
[4.514s] -- Symlinking: /home/rui/uni/TFG/ESP-Micro_drone/code/ros_ws/install/my_msgs/share/ament_index/resource_index/rosidl_interfaces/my_msgs
[4.523s] -- Symlinking: /home/rui/uni/TFG/ESP-Micro_drone/code/ros_ws/install/my_msgs/share/my_msgs/msg/Params.json
[4.531s] -- Symlinking: /home/rui/uni/TFG/ESP-Micro_drone/code/ros_ws/install/my_msgs/share/my_msgs/srv/Takeoff.json
[4.540s] -- Symlinking: /home/rui/uni/TFG/ESP-Micro_drone/code/ros_ws/install/my_msgs/include/my_msgs/my_msgs/msg/detail/params__functions.h
[4.547s] -- Symlinking: /home/rui/uni/TFG/ESP-Micro_drone/code/ros_ws/install/my_msgs/include/my_msgs/my_msgs/msg/detail/params__struct.h
[4.555s] -- Symlinking: /home/rui/uni/TFG/ESP-Micro_drone/code/ros_ws/install/my_msgs/include/my_msgs/my_msgs/msg/detail/params__type_support.h
[4.563s] -- Symlinking: /home/rui/uni/TFG/ESP-Micro_drone/code/ros_ws/install/my_msgs/include/my_msgs/my_msgs/msg/params.h
[4.571s] -- Symlinking: /home/rui/uni/TFG/ESP-Micro_drone/code/ros_ws/install/my_msgs/include/my_msgs/my_msgs/msg/rosidl_generator_c__visibility_control.h
[4.579s] -- Symlinking: /home/rui/uni/TFG/ESP-Micro_drone/code/ros_ws/install/my_msgs/include/my_msgs/my_msgs/srv/detail/takeoff__functions.h
[4.587s] -- Symlinking: /home/rui/uni/TFG/ESP-Micro_drone/code/ros_ws/install/my_msgs/include/my_msgs/my_msgs/srv/detail/takeoff__struct.h
[4.595s] -- Symlinking: /home/rui/uni/TFG/ESP-Micro_drone/code/ros_ws/install/my_msgs/include/my_msgs/my_msgs/srv/detail/takeoff__type_support.h
[4.603s] -- Symlinking: /home/rui/uni/TFG/ESP-Micro_drone/code/ros_ws/install/my_msgs/include/my_msgs/my_msgs/srv/takeoff.h
[4.611s] -- Symlinking: /home/rui/uni/TFG/ESP-Micro_drone/code/ros_ws/install/my_msgs/share/my_msgs/environment/library_path.sh
[4.620s] -- Symlinking: /home/rui/uni/TFG/ESP-Micro_drone/code/ros_ws/install/my_msgs/share/my_msgs/environment/library_path.dsv
[4.629s] -- Symlinking: /home/rui/uni/TFG/ESP-Micro_drone/code/ros_ws/install/my_msgs/include/my_msgs/my_msgs/msg/detail/params__rosidl_typesupport_fastrtps_c.h
[4.638s] -- Symlinking: /home/rui/uni/TFG/ESP-Micro_drone/code/ros_ws/install/my_msgs/include/my_msgs/my_msgs/msg/rosidl_typesupport_fastrtps_c__visibility_control.h
[4.648s] -- Symlinking: /home/rui/uni/TFG/ESP-Micro_drone/code/ros_ws/install/my_msgs/include/my_msgs/my_msgs/srv/detail/takeoff__rosidl_typesupport_fastrtps_c.h
[4.661s] -- Symlinking: /home/rui/uni/TFG/ESP-Micro_drone/code/ros_ws/install/my_msgs/include/my_msgs/my_msgs/msg/detail/params__rosidl_typesupport_introspection_c.h
[4.669s] -- Symlinking: /home/rui/uni/TFG/ESP-Micro_drone/code/ros_ws/install/my_msgs/include/my_msgs/my_msgs/msg/rosidl_typesupport_introspection_c__visibility_control.h
[4.677s] -- Symlinking: /home/rui/uni/TFG/ESP-Micro_drone/code/ros_ws/install/my_msgs/include/my_msgs/my_msgs/srv/detail/takeoff__rosidl_typesupport_introspection_c.h
[4.685s] -- Symlinking: /home/rui/uni/TFG/ESP-Micro_drone/code/ros_ws/install/my_msgs/include/my_msgs/my_msgs/msg/detail/params__builder.hpp
[4.693s] -- Symlinking: /home/rui/uni/TFG/ESP-Micro_drone/code/ros_ws/install/my_msgs/include/my_msgs/my_msgs/msg/detail/params__struct.hpp
[4.701s] -- Symlinking: /home/rui/uni/TFG/ESP-Micro_drone/code/ros_ws/install/my_msgs/include/my_msgs/my_msgs/msg/detail/params__traits.hpp
[4.709s] -- Symlinking: /home/rui/uni/TFG/ESP-Micro_drone/code/ros_ws/install/my_msgs/include/my_msgs/my_msgs/msg/detail/params__type_support.hpp
[4.718s] -- Symlinking: /home/rui/uni/TFG/ESP-Micro_drone/code/ros_ws/install/my_msgs/include/my_msgs/my_msgs/msg/params.hpp
[4.727s] -- Symlinking: /home/rui/uni/TFG/ESP-Micro_drone/code/ros_ws/install/my_msgs/include/my_msgs/my_msgs/msg/rosidl_generator_cpp__visibility_control.hpp
[4.735s] -- Symlinking: /home/rui/uni/TFG/ESP-Micro_drone/code/ros_ws/install/my_msgs/include/my_msgs/my_msgs/srv/detail/takeoff__builder.hpp
[4.743s] -- Symlinking: /home/rui/uni/TFG/ESP-Micro_drone/code/ros_ws/install/my_msgs/include/my_msgs/my_msgs/srv/detail/takeoff__struct.hpp
[4.751s] -- Symlinking: /home/rui/uni/TFG/ESP-Micro_drone/code/ros_ws/install/my_msgs/include/my_msgs/my_msgs/srv/detail/takeoff__traits.hpp
[4.759s] -- Symlinking: /home/rui/uni/TFG/ESP-Micro_drone/code/ros_ws/install/my_msgs/include/my_msgs/my_msgs/srv/detail/takeoff__type_support.hpp
[4.768s] -- Symlinking: /home/rui/uni/TFG/ESP-Micro_drone/code/ros_ws/install/my_msgs/include/my_msgs/my_msgs/srv/takeoff.hpp
[4.777s] -- Symlinking: /home/rui/uni/TFG/ESP-Micro_drone/code/ros_ws/install/my_msgs/include/my_msgs/my_msgs/msg/detail/params__rosidl_typesupport_fastrtps_cpp.hpp
[4.785s] -- Symlinking: /home/rui/uni/TFG/ESP-Micro_drone/code/ros_ws/install/my_msgs/include/my_msgs/my_msgs/msg/rosidl_typesupport_fastrtps_cpp__visibility_control.h
[4.792s] -- Symlinking: /home/rui/uni/TFG/ESP-Micro_drone/code/ros_ws/install/my_msgs/include/my_msgs/my_msgs/srv/detail/takeoff__rosidl_typesupport_fastrtps_cpp.hpp
[4.800s] -- Symlinking: /home/rui/uni/TFG/ESP-Micro_drone/code/ros_ws/install/my_msgs/include/my_msgs/my_msgs/msg/detail/params__rosidl_typesupport_introspection_cpp.hpp
[4.808s] -- Symlinking: /home/rui/uni/TFG/ESP-Micro_drone/code/ros_ws/install/my_msgs/include/my_msgs/my_msgs/srv/detail/takeoff__rosidl_typesupport_introspection_cpp.hpp
[4.818s] -- Symlinking: /home/rui/uni/TFG/ESP-Micro_drone/code/ros_ws/install/my_msgs/share/my_msgs/environment/pythonpath.sh
[4.827s] -- Symlinking: /home/rui/uni/TFG/ESP-Micro_drone/code/ros_ws/install/my_msgs/share/my_msgs/environment/pythonpath.dsv
[4.835s] -- Symlinking: /home/rui/uni/TFG/ESP-Micro_drone/code/ros_ws/install/my_msgs/lib/python3.12/site-packages/my_msgs-0.0.0-py3.12.egg-info/PKG-INFO
[4.844s] -- Symlinking: /home/rui/uni/TFG/ESP-Micro_drone/code/ros_ws/install/my_msgs/lib/python3.12/site-packages/my_msgs-0.0.0-py3.12.egg-info/SOURCES.txt
[4.852s] -- Symlinking: /home/rui/uni/TFG/ESP-Micro_drone/code/ros_ws/install/my_msgs/lib/python3.12/site-packages/my_msgs-0.0.0-py3.12.egg-info/dependency_links.txt
[4.860s] -- Symlinking: /home/rui/uni/TFG/ESP-Micro_drone/code/ros_ws/install/my_msgs/lib/python3.12/site-packages/my_msgs-0.0.0-py3.12.egg-info/top_level.txt
[4.869s] -- Symlinking: /home/rui/uni/TFG/ESP-Micro_drone/code/ros_ws/install/my_msgs/lib/python3.12/site-packages/my_msgs/__init__.py
[4.877s] -- Symlinking: /home/rui/uni/TFG/ESP-Micro_drone/code/ros_ws/install/my_msgs/lib/python3.12/site-packages/my_msgs/_my_msgs_s.ep.rosidl_typesupport_c.c
[4.885s] -- Symlinking: /home/rui/uni/TFG/ESP-Micro_drone/code/ros_ws/install/my_msgs/lib/python3.12/site-packages/my_msgs/_my_msgs_s.ep.rosidl_typesupport_fastrtps_c.c
[4.893s] -- Symlinking: /home/rui/uni/TFG/ESP-Micro_drone/code/ros_ws/install/my_msgs/lib/python3.12/site-packages/my_msgs/_my_msgs_s.ep.rosidl_typesupport_introspection_c.c
[4.901s] -- Symlinking: /home/rui/uni/TFG/ESP-Micro_drone/code/ros_ws/install/my_msgs/lib/python3.12/site-packages/my_msgs/msg/__init__.py
[4.909s] -- Symlinking: /home/rui/uni/TFG/ESP-Micro_drone/code/ros_ws/install/my_msgs/lib/python3.12/site-packages/my_msgs/msg/_params.py
[4.918s] -- Symlinking: /home/rui/uni/TFG/ESP-Micro_drone/code/ros_ws/install/my_msgs/lib/python3.12/site-packages/my_msgs/msg/_params_s.c
[4.927s] -- Symlinking: /home/rui/uni/TFG/ESP-Micro_drone/code/ros_ws/install/my_msgs/lib/python3.12/site-packages/my_msgs/my_msgs_s__rosidl_typesupport_c.so
[4.935s] -- Symlinking: /home/rui/uni/TFG/ESP-Micro_drone/code/ros_ws/install/my_msgs/lib/python3.12/site-packages/my_msgs/my_msgs_s__rosidl_typesupport_fastrtps_c.so
[4.944s] -- Symlinking: /home/rui/uni/TFG/ESP-Micro_drone/code/ros_ws/install/my_msgs/lib/python3.12/site-packages/my_msgs/my_msgs_s__rosidl_typesupport_introspection_c.so
[4.952s] -- Symlinking: /home/rui/uni/TFG/ESP-Micro_drone/code/ros_ws/install/my_msgs/lib/python3.12/site-packages/my_msgs/srv/__init__.py
[4.960s] -- Symlinking: /home/rui/uni/TFG/ESP-Micro_drone/code/ros_ws/install/my_msgs/lib/python3.12/site-packages/my_msgs/srv/_takeoff.py
[4.968s] -- Symlinking: /home/rui/uni/TFG/ESP-Micro_drone/code/ros_ws/install/my_msgs/lib/python3.12/site-packages/my_msgs/srv/_takeoff_s.c
[4.976s] -- Up-to-date symlink: /home/rui/uni/TFG/ESP-Micro_drone/code/ros_ws/install/my_msgs/lib/python3.12/site-packages/my_msgs/my_msgs_s__rosidl_typesupport_fastrtps_c.so
[4.976s] -- Up-to-date symlink: /home/rui/uni/TFG/ESP-Micro_drone/code/ros_ws/install/my_msgs/lib/python3.12/site-packages/my_msgs/my_msgs_s__rosidl_typesupport_introspection_c.so
[4.977s] -- Up-to-date symlink: /home/rui/uni/TFG/ESP-Micro_drone/code/ros_ws/install/my_msgs/lib/python3.12/site-packages/my_msgs/my_msgs_s__rosidl_typesupport_c.so
[4.977s] -- Symlinking: /home/rui/uni/TFG/ESP-Micro_drone/code/ros_ws/install/my_msgs/share/ament_index/resource_index/rust_packages/my_msgs
[4.986s] -- Symlinking: /home/rui/uni/TFG/ESP-Micro_drone/code/ros_ws/install/my_msgs/share/my_msgs/rust/Cargo.toml
[4.994s] -- Symlinking: /home/rui/uni/TFG/ESP-Micro_drone/code/ros_ws/install/my_msgs/share/my_msgs/rust/build.rs
[5.002s] -- Symlinking: /home/rui/uni/TFG/ESP-Micro_drone/code/ros_ws/install/my_msgs/share/my_msgs/rust/src/lib.rs
[5.010s] -- Symlinking: /home/rui/uni/TFG/ESP-Micro_drone/code/ros_ws/install/my_msgs/share/my_msgs/rust/src/msg.rs
[5.019s] -- Symlinking: /home/rui/uni/TFG/ESP-Micro_drone/code/ros_ws/install/my_msgs/share/my_msgs/rust/src/msg/rmw.rs
[5.027s] -- Symlinking: /home/rui/uni/TFG/ESP-Micro_drone/code/ros_ws/install/my_msgs/share/my_msgs/rust/src/srv.rs
[5.036s] -- Symlinking: /home/rui/uni/TFG/ESP-Micro_drone/code/ros_ws/install/my_msgs/share/my_msgs/rust/src/srv/rmw.rs
[5.044s] -- Symlinking: /home/rui/uni/TFG/ESP-Micro_drone/code/ros_ws/install/my_msgs/share/my_msgs/msg/Params.idl
[5.052s] -- Symlinking: /home/rui/uni/TFG/ESP-Micro_drone/code/ros_ws/install/my_msgs/share/my_msgs/srv/Takeoff.idl
[5.060s] -- Symlinking: /home/rui/uni/TFG/ESP-Micro_drone/code/ros_ws/install/my_msgs/share/my_msgs/msg/Params.msg
[5.068s] -- Symlinking: /home/rui/uni/TFG/ESP-Micro_drone/code/ros_ws/install/my_msgs/share/my_msgs/srv/Takeoff.srv
[5.076s] -- Symlinking: /home/rui/uni/TFG/ESP-Micro_drone/code/ros_ws/install/my_msgs/share/ament_index/resource_index/package_run_dependencies/my_msgs
[5.084s] -- Symlinking: /home/rui/uni/TFG/ESP-Micro_drone/code/ros_ws/install/my_msgs/share/ament_index/resource_index/parent_prefix_path/my_msgs
[5.091s] -- Symlinking: /home/rui/uni/TFG/ESP-Micro_drone/code/ros_ws/install/my_msgs/share/my_msgs/environment/ament_prefix_path.sh
[5.099s] -- Symlinking: /home/rui/uni/TFG/ESP-Micro_drone/code/ros_ws/install/my_msgs/share/my_msgs/environment/ament_prefix_path.dsv
[5.107s] -- Symlinking: /home/rui/uni/TFG/ESP-Micro_drone/code/ros_ws/install/my_msgs/share/my_msgs/environment/path.sh
[5.116s] -- Symlinking: /home/rui/uni/TFG/ESP-Micro_drone/code/ros_ws/install/my_msgs/share/my_msgs/environment/path.dsv
[5.126s] -- Symlinking: /home/rui/uni/TFG/ESP-Micro_drone/code/ros_ws/install/my_msgs/share/my_msgs/local_setup.bash
[5.134s] -- Symlinking: /home/rui/uni/TFG/ESP-Micro_drone/code/ros_ws/install/my_msgs/share/my_msgs/local_setup.sh
[5.142s] -- Symlinking: /home/rui/uni/TFG/ESP-Micro_drone/code/ros_ws/install/my_msgs/share/my_msgs/local_setup.zsh
[5.150s] -- Symlinking: /home/rui/uni/TFG/ESP-Micro_drone/code/ros_ws/install/my_msgs/share/my_msgs/local_setup.dsv
[5.158s] -- Symlinking: /home/rui/uni/TFG/ESP-Micro_drone/code/ros_ws/install/my_msgs/share/my_msgs/package.dsv
[5.166s] -- Symlinking: /home/rui/uni/TFG/ESP-Micro_drone/code/ros_ws/install/my_msgs/share/ament_index/resource_index/packages/my_msgs
[5.175s] -- Symlinking: /home/rui/uni/TFG/ESP-Micro_drone/code/ros_ws/install/my_msgs/share/my_msgs/cmake/rosidl_cmake-extras.cmake
[5.183s] -- Symlinking: /home/rui/uni/TFG/ESP-Micro_drone/code/ros_ws/install/my_msgs/share/my_msgs/cmake/ament_cmake_export_dependencies-extras.cmake
[5.191s] -- Symlinking: /home/rui/uni/TFG/ESP-Micro_drone/code/ros_ws/install/my_msgs/share/my_msgs/cmake/ament_cmake_export_include_directories-extras.cmake
[5.200s] -- Symlinking: /home/rui/uni/TFG/ESP-Micro_drone/code/ros_ws/install/my_msgs/share/my_msgs/cmake/ament_cmake_export_libraries-extras.cmake
[5.208s] -- Symlinking: /home/rui/uni/TFG/ESP-Micro_drone/code/ros_ws/install/my_msgs/share/my_msgs/cmake/ament_cmake_export_targets-extras.cmake
[5.217s] -- Symlinking: /home/rui/uni/TFG/ESP-Micro_drone/code/ros_ws/install/my_msgs/share/my_msgs/cmake/rosidl_cmake_export_typesupport_targets-extras.cmake
[5.226s] -- Symlinking: /home/rui/uni/TFG/ESP-Micro_drone/code/ros_ws/install/my_msgs/share/my_msgs/cmake/rosidl_cmake_export_typesupport_libraries-extras.cmake
[5.235s] -- Symlinking: /home/rui/uni/TFG/ESP-Micro_drone/code/ros_ws/install/my_msgs/share/my_msgs/cmake/my_msgsConfig.cmake
[5.244s] -- Symlinking: /home/rui/uni/TFG/ESP-Micro_drone/code/ros_ws/install/my_msgs/share/my_msgs/cmake/my_msgsConfig-version.cmake
[5.252s] -- Symlinking: /home/rui/uni/TFG/ESP-Micro_drone/code/ros_ws/install/my_msgs/share/my_msgs/package.xml
[5.262s] -- Installing: /home/rui/uni/TFG/ESP-Micro_drone/code/ros_ws/install/my_msgs/lib/libmy_msgs__rosidl_generator_c.so
[5.262s] -- Set non-toolchain portion of runtime path of "/home/rui/uni/TFG/ESP-Micro_drone/code/ros_ws/install/my_msgs/lib/libmy_msgs__rosidl_generator_c.so" to ""
[5.262s] -- Installing: /home/rui/uni/TFG/ESP-Micro_drone/code/ros_ws/install/my_msgs/lib/libmy_msgs__rosidl_typesupport_fastrtps_c.so
[5.263s] -- Set non-toolchain portion of runtime path of "/home/rui/uni/TFG/ESP-Micro_drone/code/ros_ws/install/my_msgs/lib/libmy_msgs__rosidl_typesupport_fastrtps_c.so" to ""
[5.263s] -- Installing: /home/rui/uni/TFG/ESP-Micro_drone/code/ros_ws/install/my_msgs/lib/libmy_msgs__rosidl_typesupport_introspection_c.so
[5.263s] -- Set non-toolchain portion of runtime path of "/home/rui/uni/TFG/ESP-Micro_drone/code/ros_ws/install/my_msgs/lib/libmy_msgs__rosidl_typesupport_introspection_c.so" to ""
[5.263s] -- Installing: /home/rui/uni/TFG/ESP-Micro_drone/code/ros_ws/install/my_msgs/lib/libmy_msgs__rosidl_typesupport_c.so
[5.264s] -- Set non-toolchain portion of runtime path of "/home/rui/uni/TFG/ESP-Micro_drone/code/ros_ws/install/my_msgs/lib/libmy_msgs__rosidl_typesupport_c.so" to ""
[5.264s] -- Installing: /home/rui/uni/TFG/ESP-Micro_drone/code/ros_ws/install/my_msgs/lib/libmy_msgs__rosidl_typesupport_fastrtps_cpp.so
[5.264s] -- Set non-toolchain portion of runtime path of "/home/rui/uni/TFG/ESP-Micro_drone/code/ros_ws/install/my_msgs/lib/libmy_msgs__rosidl_typesupport_fastrtps_cpp.so" to ""
[5.264s] -- Installing: /home/rui/uni/TFG/ESP-Micro_drone/code/ros_ws/install/my_msgs/lib/libmy_msgs__rosidl_typesupport_introspection_cpp.so
[5.265s] -- Set non-toolchain portion of runtime path of "/home/rui/uni/TFG/ESP-Micro_drone/code/ros_ws/install/my_msgs/lib/libmy_msgs__rosidl_typesupport_introspection_cpp.so" to ""
[5.265s] -- Installing: /home/rui/uni/TFG/ESP-Micro_drone/code/ros_ws/install/my_msgs/lib/libmy_msgs__rosidl_typesupport_cpp.so
[5.265s] -- Set non-toolchain portion of runtime path of "/home/rui/uni/TFG/ESP-Micro_drone/code/ros_ws/install/my_msgs/lib/libmy_msgs__rosidl_typesupport_cpp.so" to ""
[5.310s] Listing '/home/rui/uni/TFG/ESP-Micro_drone/code/ros_ws/install/my_msgs/lib/python3.12/site-packages/my_msgs'...
[5.310s] Compiling '/home/rui/uni/TFG/ESP-Micro_drone/code/ros_ws/install/my_msgs/lib/python3.12/site-packages/my_msgs/__init__.py'...
[5.310s] Listing '/home/rui/uni/TFG/ESP-Micro_drone/code/ros_ws/install/my_msgs/lib/python3.12/site-packages/my_msgs/msg'...
[5.311s] Compiling '/home/rui/uni/TFG/ESP-Micro_drone/code/ros_ws/install/my_msgs/lib/python3.12/site-packages/my_msgs/msg/__init__.py'...
[5.311s] Compiling '/home/rui/uni/TFG/ESP-Micro_drone/code/ros_ws/install/my_msgs/lib/python3.12/site-packages/my_msgs/msg/_params.py'...
[5.311s] Listing '/home/rui/uni/TFG/ESP-Micro_drone/code/ros_ws/install/my_msgs/lib/python3.12/site-packages/my_msgs/srv'...
[5.311s] Compiling '/home/rui/uni/TFG/ESP-Micro_drone/code/ros_ws/install/my_msgs/lib/python3.12/site-packages/my_msgs/srv/__init__.py'...
[5.311s] Compiling '/home/rui/uni/TFG/ESP-Micro_drone/code/ros_ws/install/my_msgs/lib/python3.12/site-packages/my_msgs/srv/_takeoff.py'...
[5.316s] -- Installing: /home/rui/uni/TFG/ESP-Micro_drone/code/ros_ws/install/my_msgs/lib/libmy_msgs__rosidl_generator_py.so
[5.317s] -- Set non-toolchain portion of runtime path of "/home/rui/uni/TFG/ESP-Micro_drone/code/ros_ws/install/my_msgs/lib/libmy_msgs__rosidl_generator_py.so" to ""
[5.317s] -- Installing: /home/rui/uni/TFG/ESP-Micro_drone/code/ros_ws/install/my_msgs/share/my_msgs/cmake/export_my_msgs__rosidl_generator_cExport.cmake
[5.317s] -- Installing: /home/rui/uni/TFG/ESP-Micro_drone/code/ros_ws/install/my_msgs/share/my_msgs/cmake/export_my_msgs__rosidl_generator_cExport-noconfig.cmake
[5.317s] -- Installing: /home/rui/uni/TFG/ESP-Micro_drone/code/ros_ws/install/my_msgs/share/my_msgs/cmake/export_my_msgs__rosidl_typesupport_fastrtps_cExport.cmake
[5.317s] -- Installing: /home/rui/uni/TFG/ESP-Micro_drone/code/ros_ws/install/my_msgs/share/my_msgs/cmake/export_my_msgs__rosidl_typesupport_fastrtps_cExport-noconfig.cmake
[5.317s] -- Installing: /home/rui/uni/TFG/ESP-Micro_drone/code/ros_ws/install/my_msgs/share/my_msgs/cmake/my_msgs__rosidl_typesupport_introspection_cExport.cmake
[5.318s] -- Installing: /home/rui/uni/TFG/ESP-Micro_drone/code/ros_ws/install/my_msgs/share/my_msgs/cmake/my_msgs__rosidl_typesupport_introspection_cExport-noconfig.cmake
[5.318s] -- Installing: /home/rui/uni/TFG/ESP-Micro_drone/code/ros_ws/install/my_msgs/share/my_msgs/cmake/my_msgs__rosidl_typesupport_cExport.cmake
[5.318s] -- Installing: /home/rui/uni/TFG/ESP-Micro_drone/code/ros_ws/install/my_msgs/share/my_msgs/cmake/my_msgs__rosidl_typesupport_cExport-noconfig.cmake
[5.318s] -- Installing: /home/rui/uni/TFG/ESP-Micro_drone/code/ros_ws/install/my_msgs/share/my_msgs/cmake/export_my_msgs__rosidl_generator_cppExport.cmake
[5.318s] -- Installing: /home/rui/uni/TFG/ESP-Micro_drone/code/ros_ws/install/my_msgs/share/my_msgs/cmake/export_my_msgs__rosidl_typesupport_fastrtps_cppExport.cmake
[5.318s] -- Installing: /home/rui/uni/TFG/ESP-Micro_drone/code/ros_ws/install/my_msgs/share/my_msgs/cmake/export_my_msgs__rosidl_typesupport_fastrtps_cppExport-noconfig.cmake
[5.319s] -- Installing: /home/rui/uni/TFG/ESP-Micro_drone/code/ros_ws/install/my_msgs/share/my_msgs/cmake/my_msgs__rosidl_typesupport_introspection_cppExport.cmake
[5.319s] -- Installing: /home/rui/uni/TFG/ESP-Micro_drone/code/ros_ws/install/my_msgs/share/my_msgs/cmake/my_msgs__rosidl_typesupport_introspection_cppExport-noconfig.cmake
[5.319s] -- Installing: /home/rui/uni/TFG/ESP-Micro_drone/code/ros_ws/install/my_msgs/share/my_msgs/cmake/my_msgs__rosidl_typesupport_cppExport.cmake
[5.319s] -- Installing: /home/rui/uni/TFG/ESP-Micro_drone/code/ros_ws/install/my_msgs/share/my_msgs/cmake/my_msgs__rosidl_typesupport_cppExport-noconfig.cmake
[5.319s] -- Installing: /home/rui/uni/TFG/ESP-Micro_drone/code/ros_ws/install/my_msgs/share/my_msgs/cmake/export_my_msgs__rosidl_generator_pyExport.cmake
[5.319s] -- Installing: /home/rui/uni/TFG/ESP-Micro_drone/code/ros_ws/install/my_msgs/share/my_msgs/cmake/export_my_msgs__rosidl_generator_pyExport-noconfig.cmake
[5.321s] Invoked command in '/home/rui/uni/TFG/ESP-Micro_drone/code/ros_ws/build/my_msgs' returned '0': CMAKE_PREFIX_PATH=${CMAKE_PREFIX_PATH}:/opt/ros/jazzy DEBUGINFOD_URLS=https://debuginfod.ubuntu.com /usr/bin/cmake --install /home/rui/uni/TFG/ESP-Micro_drone/code/ros_ws/build/my_msgs
